2026-09-08 14:46:35 | INFO     | demand_forecasting.prepare_dataset | Run context:
{
  "config_path": "configs/config.yaml",
  "output": "data/processed/features.parquet",
  "package_version": "0.1.0",
  "platform": "Linux-6.6.87.2-microsoft-standard-WSL2-x86_64-with-glibc2.39",
  "python": "3.13.11",
  "started_at_utc": "2026-09-08T14:46:35.371334+00:00",
  "step": "prepare_dataset",
  "working_dir": "/mnt/d/Himanshu/code/fmcg_demand_forecasting_project/ml_assignment_project"
}
2026-09-08 14:46:35 | INFO     | demand_forecasting.prepare_dataset | Effective configuration:
{
  "bayes": {
    "n_trials": 25,
    "timeout_seconds": null,
    "tuning_models": [
      "lightgbm",
      "xgboost",
      "catboost"
    ]
  },
  "data": {
    "date_col": "date",
    "horizon": 14,
    "lookback": 56,
    "raw_path": "data/raw/data.csv",
    "series_cols": [
      "store_id",
      "sku_id"
    ],
    "target_col": "units_sold"
  },
  "dl": {
    "batch_size": 256,
    "dropout": 0.15,
    "embedding_dim": 16,
    "epochs": 30,
    "hidden_size": 128,
    "learning_rate": 0.001,
    "num_layers": 2,
    "num_workers": 4,
    "patience": 5,
    "transformer_d_model": 128,
    "transformer_heads": 4,
    "transformer_layers": 3,
    "weight_decay": 0.0001
  },
  "features": {
    "demand_lags": [
      1,
      7,
      14,
      28
    ],
    "demand_roll_windows": [
      7,
      14,
      28
    ],
    "price_known_future": false,
    "promo_known_future": true,
    "stock_roll_window": 28,
    "stockout_imputation_min_periods": 7,
    "stockout_imputation_window": 56,
    "stockout_lags": [
      1,
      7,
      14
    ],
    "stockout_percentage_uplift": 0.5,
    "stockout_sample_weight": 0.5,
    "stockout_target_mode": "none",
    "weather_known_future": false
  },
  "hierarchy": {
    "exclude_stockouts_for_shares": true,
    "share_target_col": "units_sold",
    "share_window_days": 56
  },
  "logging": {
    "backup_count": 14,
    "console": true,
    "dir": "logs",
    "level": "INFO",
    "utc": false
  },
  "ml": {
    "models": [
      "lightgbm",
      "xgboost",
      "catboost"
    ]
  },
  "monitoring": {
    "promo_rate_relative_change_alert": 0.3,
    "psi_alert": 0.25,
    "psi_warning": 0.1
  },
  "project": {
    "name": "fmcg_demand_forecasting",
    "random_seed": 42
  },
  "split": {
    "test_days": 14,
    "validation_days": 14
  },
  "training": {
    "max_train_rows": null,
    "mlflow_experiment": "fmcg-demand-forecasting",
    "n_jobs": -1,
    "save_dir": "artifacts"
  }
}
2026-09-08 14:46:40 | INFO     | demand_forecasting.prepare_dataset | Loaded 1,100,000 raw rows from data/raw/data.csv
2026-09-08 14:46:40 | INFO     | demand_forecasting.prepare_dataset | Temporal split:
{
  "test_end": "2023-12-31",
  "test_start": "2023-12-18",
  "train_end": "2023-12-03",
  "val_end": "2023-12-17",
  "val_start": "2023-12-04"
}
2026-09-08 14:46:45 | INFO     | demand_forecasting.prepare_dataset | Split row counts:
{
  "test": 14056,
  "train": 1071888,
  "validation": 14056
}
2026-09-08 14:46:48 | INFO     | demand_forecasting.prepare_dataset | Wrote 1,100,000 rows and 72 columns to data/processed/features.parquet
2026-09-08 18:55:07 | INFO     | demand_forecasting.prepare_dataset | Run context:
{
  "config_path": "configs/config.yaml",
  "output": "data/processed/features.parquet",
  "package_version": "0.1.0",
  "platform": "Linux-6.6.87.2-microsoft-standard-WSL2-x86_64-with-glibc2.39",
  "python": "3.13.11",
  "started_at_utc": "2026-09-08T18:55:07.243261+00:00",
  "step": "prepare_dataset",
  "working_dir": "/mnt/d/Himanshu/code/fmcg_demand_forecasting_project/ml_assignment_project"
}
2026-09-08 18:55:07 | INFO     | demand_forecasting.prepare_dataset | Effective configuration:
{
  "bayes": {
    "log_trial_models": false,
    "n_trials": 25,
    "n_trials_dl": 10,
    "objective_metric": "wape",
    "timeout_seconds": null,
    "tuning_models": [
      "lightgbm",
      "xgboost",
      "catboost"
    ]
  },
  "data": {
    "date_col": "date",
    "horizon": 14,
    "lookback": 56,
    "raw_path": "data/raw/data.csv",
    "series_cols": [
      "store_id",
      "sku_id"
    ],
    "target_col": "units_sold"
  },
  "dl": {
    "batch_size": 256,
    "dropout": 0.15,
    "embedding_dim": 16,
    "epochs": 15,
    "hidden_size": 128,
    "learning_rate": 0.001,
    "max_train_windows": 150000,
    "num_layers": 2,
    "num_workers": 4,
    "patience": 3,
    "transformer_d_model": 128,
    "transformer_heads": 4,
    "transformer_layers": 3,
    "weight_decay": 0.0001
  },
  "features": {
    "demand_lags": [
      1,
      7,
      14,
      28
    ],
    "demand_roll_windows": [
      7,
      14,
      28
    ],
    "price_known_future": false,
    "promo_known_future": true,
    "stock_roll_window": 28,
    "stockout_imputation_min_periods": 7,
    "stockout_imputation_window": 56,
    "stockout_lags": [
      1,
      7,
      14
    ],
    "stockout_percentage_uplift": 0.5,
    "stockout_sample_weight": 0.5,
    "stockout_target_mode": "none",
    "weather_known_future": false
  },
  "hierarchy": {
    "exclude_stockouts_for_shares": true,
    "share_target_col": "units_sold",
    "share_window_days": 56
  },
  "logging": {
    "backup_count": 14,
    "console": true,
    "dir": "logs",
    "level": "INFO",
    "utc": false
  },
  "ml": {
    "models": [
      "lightgbm",
      "xgboost",
      "catboost"
    ]
  },
  "monitoring": {
    "promo_rate_relative_change_alert": 0.3,
    "psi_alert": 0.25,
    "psi_warning": 0.1
  },
  "project": {
    "name": "fmcg_demand_forecasting",
    "random_seed": 42
  },
  "split": {
    "test_days": 14,
    "validation_days": 14
  },
  "training": {
    "max_train_rows": null,
    "mlflow_experiment": "fmcg-demand-forecasting-v1",
    "n_jobs": -1,
    "save_dir": "artifacts",
    "selection_metric": "wape"
  }
}
2026-09-08 18:55:11 | INFO     | demand_forecasting.prepare_dataset | Loaded 1,100,000 raw rows from data/raw/data.csv
2026-09-08 18:55:11 | INFO     | demand_forecasting.prepare_dataset | Temporal split:
{
  "test_end": "2023-12-31",
  "test_start": "2023-12-18",
  "train_end": "2023-12-03",
  "val_end": "2023-12-17",
  "val_start": "2023-12-04"
}
2026-09-08 18:55:16 | INFO     | demand_forecasting.prepare_dataset | Split row counts:
{
  "test": 14056,
  "train": 1071888,
  "validation": 14056
}
2026-09-08 18:55:18 | INFO     | demand_forecasting.prepare_dataset | Wrote 1,100,000 rows and 72 columns to data/processed/features.parquet
2026-09-08 19:16:30 | INFO     | demand_forecasting.prepare_dataset | Run context:
{
  "config_path": "configs/config.yaml",
  "output": "data/processed/features.parquet",
  "package_version": "0.1.0",
  "platform": "Linux-6.6.87.2-microsoft-standard-WSL2-x86_64-with-glibc2.39",
  "python": "3.13.11",
  "started_at_utc": "2026-09-08T19:16:30.705775+00:00",
  "step": "prepare_dataset",
  "working_dir": "/mnt/d/Himanshu/code/fmcg_demand_forecasting_project/ml_assignment_project"
}
2026-09-08 19:16:30 | INFO     | demand_forecasting.prepare_dataset | Effective configuration:
{
  "bayes": {
    "log_trial_models": false,
    "n_trials": 25,
    "n_trials_dl": 10,
    "objective_metric": "wape",
    "timeout_seconds": null,
    "tuning_models": [
      "lightgbm",
      "xgboost",
      "catboost"
    ]
  },
  "data": {
    "date_col": "date",
    "horizon": 14,
    "lookback": 56,
    "raw_path": "data/raw/data.csv",
    "series_cols": [
      "store_id",
      "sku_id"
    ],
    "target_col": "units_sold"
  },
  "dl": {
    "batch_size": 256,
    "dropout": 0.15,
    "embedding_dim": 16,
    "epochs": 15,
    "hidden_size": 128,
    "learning_rate": 0.001,
    "max_train_windows": 150000,
    "num_layers": 2,
    "num_workers": 4,
    "patience": 3,
    "transformer_d_model": 128,
    "transformer_heads": 4,
    "transformer_layers": 3,
    "weight_decay": 0.0001
  },
  "features": {
    "demand_lags": [
      1,
      7,
      14,
      28
    ],
    "demand_roll_windows": [
      7,
      14,
      28
    ],
    "price_known_future": false,
    "promo_known_future": true,
    "stock_roll_window": 28,
    "stockout_imputation_min_periods": 7,
    "stockout_imputation_window": 56,
    "stockout_lags": [
      1,
      7,
      14
    ],
    "stockout_percentage_uplift": 0.5,
    "stockout_sample_weight": 0.5,
    "stockout_target_mode": "none",
    "weather_known_future": false
  },
  "hierarchy": {
    "exclude_stockouts_for_shares": true,
    "share_target_col": "units_sold",
    "share_window_days": 56
  },
  "logging": {
    "backup_count": 14,
    "console": true,
    "dir": "logs",
    "level": "INFO",
    "utc": false
  },
  "ml": {
    "models": [
      "lightgbm",
      "xgboost",
      "catboost"
    ]
  },
  "monitoring": {
    "promo_rate_relative_change_alert": 0.3,
    "psi_alert": 0.25,
    "psi_warning": 0.1
  },
  "project": {
    "name": "fmcg_demand_forecasting",
    "random_seed": 42
  },
  "split": {
    "test_days": 14,
    "validation_days": 14
  },
  "training": {
    "max_train_rows": null,
    "mlflow_experiment": "fmcg-demand-forecasting-v1",
    "n_jobs": -1,
    "save_dir": "artifacts",
    "selection_metric": "wape"
  }
}
2026-09-08 19:16:33 | INFO     | demand_forecasting.prepare_dataset | Loaded 1,100,000 raw rows from data/raw/data.csv
2026-09-08 19:16:33 | INFO     | demand_forecasting.prepare_dataset | Temporal split:
{
  "test_end": "2023-12-31",
  "test_start": "2023-12-18",
  "train_end": "2023-12-03",
  "val_end": "2023-12-17",
  "val_start": "2023-12-04"
}
2026-09-08 19:16:38 | INFO     | demand_forecasting.prepare_dataset | Split row counts:
{
  "test": 14056,
  "train": 1071888,
  "validation": 14056
}
2026-09-08 19:16:41 | INFO     | demand_forecasting.prepare_dataset | Wrote 1,100,000 rows and 72 columns to data/processed/features.parquet
