2026-09-09 06:51:59 | INFO     | demand_forecasting.register_all_models | Run context:
{
  "artifacts_dir": "artifacts_v2",
  "config_path": "configs/config_v2.yaml",
  "output": "configs/model_registry_all_v2.yaml",
  "package_version": "0.1.0",
  "platform": "Linux-6.6.87.2-microsoft-standard-WSL2-x86_64-with-glibc2.39",
  "python": "3.13.11",
  "selection_metric": "wape",
  "started_at_utc": "2026-09-09T06:51:59.833794+00:00",
  "step": "register_all_models",
  "working_dir": "/mnt/d/Himanshu/code/fmcg_demand_forecasting_project/ml_assignment_project"
}
2026-09-09 06:51:59 | INFO     | demand_forecasting.register_all_models | Effective configuration:
{
  "bayes": {
    "log_trial_models": true,
    "max_tune_rows": 200000,
    "n_trials": 25,
    "n_trials_dl": 4,
    "objective_metric": "wape",
    "timeout_seconds": null,
    "tuning_models": [
      "lightgbm",
      "xgboost",
      "catboost"
    ]
  },
  "data": {
    "date_col": "date",
    "horizon": 14,
    "lookback": 56,
    "raw_path": "data/raw/data.csv",
    "series_cols": [
      "store_id",
      "sku_id"
    ],
    "target_col": "units_sold"
  },
  "dl": {
    "batch_size": 256,
    "dropout": 0.15,
    "embedding_dim": 16,
    "epochs": 50,
    "hidden_size": 128,
    "learning_rate": 0.001,
    "max_train_windows": 150000,
    "num_layers": 2,
    "num_workers": 4,
    "patience": 8,
    "transformer_d_model": 128,
    "transformer_heads": 4,
    "transformer_layers": 3,
    "weight_decay": 0.0001
  },
  "features": {
    "demand_lags": [
      1,
      7,
      14,
      28
    ],
    "demand_roll_windows": [
      7,
      14,
      28
    ],
    "price_known_future": false,
    "promo_known_future": true,
    "stock_roll_window": 28,
    "stockout_imputation_min_periods": 7,
    "stockout_imputation_window": 56,
    "stockout_lags": [
      1,
      7,
      14
    ],
    "stockout_percentage_uplift": 0.5,
    "stockout_sample_weight": 0.5,
    "stockout_target_mode": "none",
    "weather_known_future": false
  },
  "hierarchy": {
    "exclude_stockouts_for_shares": true,
    "share_target_col": "units_sold",
    "share_window_days": 56
  },
  "logging": {
    "backup_count": 14,
    "console": true,
    "dir": "logs",
    "level": "INFO",
    "utc": false
  },
  "ml": {
    "models": [
      "lightgbm",
      "xgboost",
      "catboost"
    ]
  },
  "monitoring": {
    "promo_rate_relative_change_alert": 0.3,
    "psi_alert": 0.25,
    "psi_warning": 0.1
  },
  "project": {
    "name": "fmcg_demand_forecasting",
    "random_seed": 42
  },
  "split": {
    "test_days": 14,
    "validation_days": 14
  },
  "training": {
    "max_train_rows": null,
    "mlflow_experiment": "fmcg-demand-forecasting-v2",
    "n_jobs": 4,
    "save_dir": "artifacts_v2",
    "selection_metric": "wape"
  }
}
2026-09-09 06:52:00 | INFO     | demand_forecasting.register_all_models | Registered 6 models:
 rank       model family  val_wape  test_wape  test_bias_pct
    1 transformer     dl  0.265420   0.274709         7.3171
    2        lstm     dl  0.266173   0.267337        -1.1044
    3    catboost     ml  0.271929   0.268329         0.9930
    4     xgboost     ml  0.272134   0.271357        -1.2729
    5    lightgbm     ml  0.272172   0.270395         0.8615
    6        tide  darts  0.276222   0.269424        -0.0022
2026-09-09 06:52:00 | INFO     | demand_forecasting.register_all_models | Registry written:
{
  "champion": "transformer",
  "path": "configs/model_registry_all_v2.yaml"
}
2026-09-09 06:52:04 | INFO     | demand_forecasting.register_all_models | Run context:
{
  "artifacts_dir": "artifacts",
  "config_path": "configs/config.yaml",
  "output": "configs/model_registry_all_v1.yaml",
  "package_version": "0.1.0",
  "platform": "Linux-6.6.87.2-microsoft-standard-WSL2-x86_64-with-glibc2.39",
  "python": "3.13.11",
  "selection_metric": "wape",
  "started_at_utc": "2026-09-09T06:52:04.863677+00:00",
  "step": "register_all_models",
  "working_dir": "/mnt/d/Himanshu/code/fmcg_demand_forecasting_project/ml_assignment_project"
}
2026-09-09 06:52:04 | INFO     | demand_forecasting.register_all_models | Effective configuration:
{
  "bayes": {
    "log_trial_models": true,
    "max_tune_rows": 200000,
    "n_trials": 25,
    "n_trials_dl": 10,
    "objective_metric": "wape",
    "timeout_seconds": null,
    "tuning_models": [
      "lightgbm",
      "xgboost",
      "catboost"
    ]
  },
  "data": {
    "date_col": "date",
    "horizon": 14,
    "lookback": 56,
    "raw_path": "data/raw/data.csv",
    "series_cols": [
      "store_id",
      "sku_id"
    ],
    "target_col": "units_sold"
  },
  "dl": {
    "batch_size": 256,
    "dropout": 0.15,
    "embedding_dim": 16,
    "epochs": 15,
    "hidden_size": 128,
    "learning_rate": 0.001,
    "max_train_windows": 150000,
    "num_layers": 2,
    "num_workers": 4,
    "patience": 3,
    "transformer_d_model": 128,
    "transformer_heads": 4,
    "transformer_layers": 3,
    "weight_decay": 0.0001
  },
  "features": {
    "demand_lags": [
      1,
      7,
      14,
      28
    ],
    "demand_roll_windows": [
      7,
      14,
      28
    ],
    "price_known_future": false,
    "promo_known_future": true,
    "stock_roll_window": 28,
    "stockout_imputation_min_periods": 7,
    "stockout_imputation_window": 56,
    "stockout_lags": [
      1,
      7,
      14
    ],
    "stockout_percentage_uplift": 0.5,
    "stockout_sample_weight": 0.5,
    "stockout_target_mode": "none",
    "weather_known_future": false
  },
  "hierarchy": {
    "exclude_stockouts_for_shares": true,
    "share_target_col": "units_sold",
    "share_window_days": 56
  },
  "logging": {
    "backup_count": 14,
    "console": true,
    "dir": "logs",
    "level": "INFO",
    "utc": false
  },
  "ml": {
    "models": [
      "lightgbm",
      "xgboost",
      "catboost"
    ]
  },
  "monitoring": {
    "promo_rate_relative_change_alert": 0.3,
    "psi_alert": 0.25,
    "psi_warning": 0.1
  },
  "project": {
    "name": "fmcg_demand_forecasting",
    "random_seed": 42
  },
  "split": {
    "test_days": 14,
    "validation_days": 14
  },
  "training": {
    "max_train_rows": null,
    "mlflow_experiment": "fmcg-demand-forecasting-v1",
    "n_jobs": 4,
    "save_dir": "artifacts",
    "selection_metric": "wape"
  }
}
2026-09-09 06:52:05 | INFO     | demand_forecasting.register_all_models | Registered 5 models:
 rank       model family  val_wape  test_wape  test_bias_pct
    1 transformer     dl  0.264818   0.269039         2.7487
    2        lstm     dl  0.265044   0.268433        -0.4484
    3     xgboost     ml  0.271578   0.270565        -0.4161
    4    catboost     ml  0.271929   0.268329         0.9930
    5    lightgbm     ml  0.272078   0.270898         1.2634
2026-09-09 06:52:05 | INFO     | demand_forecasting.register_all_models | Registry written:
{
  "champion": "transformer",
  "path": "configs/model_registry_all_v1.yaml"
}
