2026-09-09 06:20:02 | INFO     | demand_forecasting.select_model | Run context:
{
  "artifact": "artifacts_v2/transformer/model.pt",
  "comparison": "reports/v2_model_comparison.csv",
  "config_path": "configs/config_v2.yaml",
  "family": "dl",
  "name": "transformer",
  "package_version": "0.1.0",
  "platform": "Linux-6.6.87.2-microsoft-standard-WSL2-x86_64-with-glibc2.39",
  "python": "3.13.11",
  "registry": "configs/model_registry_v2.yaml",
  "selection_metric": "wape",
  "started_at_utc": "2026-09-09T06:20:02.609008+00:00",
  "step": "select_model",
  "working_dir": "/mnt/d/Himanshu/code/fmcg_demand_forecasting_project/ml_assignment_project"
}
2026-09-09 06:20:02 | INFO     | demand_forecasting.select_model | Effective configuration:
{
  "bayes": {
    "log_trial_models": true,
    "max_tune_rows": 200000,
    "n_trials": 25,
    "n_trials_dl": 4,
    "objective_metric": "wape",
    "timeout_seconds": null,
    "tuning_models": [
      "lightgbm",
      "xgboost",
      "catboost"
    ]
  },
  "data": {
    "date_col": "date",
    "horizon": 14,
    "lookback": 56,
    "raw_path": "data/raw/data.csv",
    "series_cols": [
      "store_id",
      "sku_id"
    ],
    "target_col": "units_sold"
  },
  "dl": {
    "batch_size": 256,
    "dropout": 0.15,
    "embedding_dim": 16,
    "epochs": 50,
    "hidden_size": 128,
    "learning_rate": 0.001,
    "max_train_windows": 150000,
    "num_layers": 2,
    "num_workers": 4,
    "patience": 8,
    "transformer_d_model": 128,
    "transformer_heads": 4,
    "transformer_layers": 3,
    "weight_decay": 0.0001
  },
  "features": {
    "demand_lags": [
      1,
      7,
      14,
      28
    ],
    "demand_roll_windows": [
      7,
      14,
      28
    ],
    "price_known_future": false,
    "promo_known_future": true,
    "stock_roll_window": 28,
    "stockout_imputation_min_periods": 7,
    "stockout_imputation_window": 56,
    "stockout_lags": [
      1,
      7,
      14
    ],
    "stockout_percentage_uplift": 0.5,
    "stockout_sample_weight": 0.5,
    "stockout_target_mode": "none",
    "weather_known_future": false
  },
  "hierarchy": {
    "exclude_stockouts_for_shares": true,
    "share_target_col": "units_sold",
    "share_window_days": 56
  },
  "logging": {
    "backup_count": 14,
    "console": true,
    "dir": "logs",
    "level": "INFO",
    "utc": false
  },
  "ml": {
    "models": [
      "lightgbm",
      "xgboost",
      "catboost"
    ]
  },
  "monitoring": {
    "promo_rate_relative_change_alert": 0.3,
    "psi_alert": 0.25,
    "psi_warning": 0.1
  },
  "project": {
    "name": "fmcg_demand_forecasting",
    "random_seed": 42
  },
  "split": {
    "test_days": 14,
    "validation_days": 14
  },
  "training": {
    "max_train_rows": null,
    "mlflow_experiment": "fmcg-demand-forecasting-v2",
    "n_jobs": 4,
    "save_dir": "artifacts_v2",
    "selection_metric": "wape"
  }
}
2026-09-09 06:20:02 | INFO     | demand_forecasting.select_model | Promoted model:
{
  "artifact_path": "artifacts_v2/transformer/model.pt",
  "family": "dl",
  "model_type": "transformer",
  "name": "transformer",
  "notes": "Selected using validation performance only. Test metrics are stored for final unbiased reporting and were not used for model selection.",
  "selected_at": "2026-09-09T06:20:02.649606+00:00",
  "selection_metric": "validation_wape",
  "selection_value": 0.2654202684461504,
  "test_metrics": {
    "bias": 0.07317062288759306,
    "mae": 17.144756802253312,
    "mape": 0.5728066212327395,
    "mape_coverage": 0.997367672168469,
    "rmse": 26.36444892070357,
    "smape": 0.29686556524798974,
    "wape": 0.27470886277075995
  },
  "validation_metrics": {
    "bias": 0.00929087004778293,
    "mae": 16.48288946960484,
    "mape": 0.533587087968122,
    "mape_coverage": 0.9965850882185544,
    "rmse": 25.167309512217482,
    "smape": 0.29454603668852164,
    "wape": 0.26542026844615046
  }
}
2026-09-09 06:20:02 | INFO     | demand_forecasting.select_model | Updated model registry at configs/model_registry_v2.yaml
