2026-09-09 03:15:14 | INFO     | demand_forecasting.tune_dl | Run context:
{
  "config_path": "configs/config_v2.yaml",
  "model": "lstm",
  "n_trials": 2,
  "objective_metric": "wape",
  "package_version": "0.1.0",
  "platform": "Linux-6.6.87.2-microsoft-standard-WSL2-x86_64-with-glibc2.39",
  "python": "3.13.11",
  "started_at_utc": "2026-09-09T03:15:14.654775+00:00",
  "step": "tune_dl",
  "working_dir": "/mnt/d/Himanshu/code/fmcg_demand_forecasting_project/ml_assignment_project"
}
2026-09-09 03:15:14 | INFO     | demand_forecasting.tune_dl | Effective configuration:
{
  "bayes": {
    "log_trial_models": true,
    "max_tune_rows": 200000,
    "n_trials": 25,
    "n_trials_dl": 4,
    "objective_metric": "wape",
    "timeout_seconds": null,
    "tuning_models": [
      "lightgbm",
      "xgboost",
      "catboost"
    ]
  },
  "data": {
    "date_col": "date",
    "horizon": 14,
    "lookback": 56,
    "raw_path": "data/raw/data.csv",
    "series_cols": [
      "store_id",
      "sku_id"
    ],
    "target_col": "units_sold"
  },
  "dl": {
    "batch_size": 256,
    "dropout": 0.15,
    "embedding_dim": 16,
    "epochs": 50,
    "hidden_size": 128,
    "learning_rate": 0.001,
    "max_train_windows": 150000,
    "num_layers": 2,
    "num_workers": 4,
    "patience": 8,
    "transformer_d_model": 128,
    "transformer_heads": 4,
    "transformer_layers": 3,
    "weight_decay": 0.0001
  },
  "features": {
    "demand_lags": [
      1,
      7,
      14,
      28
    ],
    "demand_roll_windows": [
      7,
      14,
      28
    ],
    "price_known_future": false,
    "promo_known_future": true,
    "stock_roll_window": 28,
    "stockout_imputation_min_periods": 7,
    "stockout_imputation_window": 56,
    "stockout_lags": [
      1,
      7,
      14
    ],
    "stockout_percentage_uplift": 0.5,
    "stockout_sample_weight": 0.5,
    "stockout_target_mode": "none",
    "weather_known_future": false
  },
  "hierarchy": {
    "exclude_stockouts_for_shares": true,
    "share_target_col": "units_sold",
    "share_window_days": 56
  },
  "logging": {
    "backup_count": 14,
    "console": true,
    "dir": "logs",
    "level": "INFO",
    "utc": false
  },
  "ml": {
    "models": [
      "lightgbm",
      "xgboost",
      "catboost"
    ]
  },
  "monitoring": {
    "promo_rate_relative_change_alert": 0.3,
    "psi_alert": 0.25,
    "psi_warning": 0.1
  },
  "project": {
    "name": "fmcg_demand_forecasting",
    "random_seed": 42
  },
  "split": {
    "test_days": 14,
    "validation_days": 14
  },
  "training": {
    "max_train_rows": null,
    "mlflow_experiment": "fmcg-demand-forecasting-v2",
    "n_jobs": 4,
    "save_dir": "artifacts_v2",
    "selection_metric": "wape"
  }
}
2026-09-09 03:15:21 | INFO     | demand_forecasting.tune_dl | Resuming study: 1 trials already complete, 1 remaining
2026-09-09 03:24:28 | INFO     | demand_forecasting.tune_dl | Trial 2 val_wape=0.266173 (lookback=42) params={'lookback': 42, 'learning_rate': 0.004123206532618728, 'dropout': 0.21959818254342153, 'batch_size': 128, 'hidden_size': 128, 'num_layers': 3, 'embedding_dim': 16, 'weight_decay': 4.335281794951567e-06}
2026-09-09 03:24:51 | INFO     | demand_forecasting.tune_dl | Best trial:
{
  "best_lookback": 42,
  "best_params": {
    "batch_size": 128,
    "dropout": 0.21959818254342153,
    "embedding_dim": 16,
    "hidden_size": 128,
    "learning_rate": 0.004123206532618728,
    "lookback": 42,
    "num_layers": 3,
    "weight_decay": 4.335281794951567e-06
  },
  "best_params_path": "artifacts_v2/tuning/lstm_best_params.json",
  "best_trial_metrics": {
    "best_epoch": 2.0,
    "bias": 0.004296099336338343,
    "mae": 16.529630953572187,
    "mape": 0.5340457603717111,
    "mape_coverage": 0.9965850882185544,
    "rmse": 25.338544764682,
    "smape": 0.2924434235931543,
    "wape": 0.2661729360682359
  },
  "best_trial_number": 0,
  "best_validation_wape": 0.2661729360682359,
  "completed_trials": 3,
  "mlflow_parent_run_id": "94127c54395d4b8784a0365713fb427c",
  "model": "lstm",
  "objective_metric": "wape",
  "trials_path": "artifacts_v2/tuning/lstm_trials.csv"
}
2026-09-09 03:45:23 | INFO     | demand_forecasting.tune_dl | Run context:
{
  "config_path": "configs/config_v2.yaml",
  "model": "transformer",
  "n_trials": 2,
  "objective_metric": "wape",
  "package_version": "0.1.0",
  "platform": "Linux-6.6.87.2-microsoft-standard-WSL2-x86_64-with-glibc2.39",
  "python": "3.13.11",
  "started_at_utc": "2026-09-09T03:45:23.377416+00:00",
  "step": "tune_dl",
  "working_dir": "/mnt/d/Himanshu/code/fmcg_demand_forecasting_project/ml_assignment_project"
}
2026-09-09 03:45:23 | INFO     | demand_forecasting.tune_dl | Effective configuration:
{
  "bayes": {
    "log_trial_models": true,
    "max_tune_rows": 200000,
    "n_trials": 25,
    "n_trials_dl": 4,
    "objective_metric": "wape",
    "timeout_seconds": null,
    "tuning_models": [
      "lightgbm",
      "xgboost",
      "catboost"
    ]
  },
  "data": {
    "date_col": "date",
    "horizon": 14,
    "lookback": 56,
    "raw_path": "data/raw/data.csv",
    "series_cols": [
      "store_id",
      "sku_id"
    ],
    "target_col": "units_sold"
  },
  "dl": {
    "batch_size": 256,
    "dropout": 0.15,
    "embedding_dim": 16,
    "epochs": 50,
    "hidden_size": 128,
    "learning_rate": 0.001,
    "max_train_windows": 150000,
    "num_layers": 2,
    "num_workers": 4,
    "patience": 8,
    "transformer_d_model": 128,
    "transformer_heads": 4,
    "transformer_layers": 3,
    "weight_decay": 0.0001
  },
  "features": {
    "demand_lags": [
      1,
      7,
      14,
      28
    ],
    "demand_roll_windows": [
      7,
      14,
      28
    ],
    "price_known_future": false,
    "promo_known_future": true,
    "stock_roll_window": 28,
    "stockout_imputation_min_periods": 7,
    "stockout_imputation_window": 56,
    "stockout_lags": [
      1,
      7,
      14
    ],
    "stockout_percentage_uplift": 0.5,
    "stockout_sample_weight": 0.5,
    "stockout_target_mode": "none",
    "weather_known_future": false
  },
  "hierarchy": {
    "exclude_stockouts_for_shares": true,
    "share_target_col": "units_sold",
    "share_window_days": 56
  },
  "logging": {
    "backup_count": 14,
    "console": true,
    "dir": "logs",
    "level": "INFO",
    "utc": false
  },
  "ml": {
    "models": [
      "lightgbm",
      "xgboost",
      "catboost"
    ]
  },
  "monitoring": {
    "promo_rate_relative_change_alert": 0.3,
    "psi_alert": 0.25,
    "psi_warning": 0.1
  },
  "project": {
    "name": "fmcg_demand_forecasting",
    "random_seed": 42
  },
  "split": {
    "test_days": 14,
    "validation_days": 14
  },
  "training": {
    "max_train_rows": null,
    "mlflow_experiment": "fmcg-demand-forecasting-v2",
    "n_jobs": 4,
    "save_dir": "artifacts_v2",
    "selection_metric": "wape"
  }
}
2026-09-09 03:56:45 | INFO     | demand_forecasting.tune_dl | Trial 0 val_wape=0.582855 (lookback=42) params={'lookback': 42, 'learning_rate': 0.004123206532618728, 'dropout': 0.21959818254342153, 'batch_size': 128, 'transformer_d_model': 128, 'transformer_heads': 8, 'transformer_layers': 4, 'embedding_dim': 8, 'weight_decay': 8.179499475211674e-06}
2026-09-09 04:15:55 | INFO     | demand_forecasting.tune_dl | Run context:
{
  "config_path": "configs/config_v2.yaml",
  "model": "transformer",
  "n_trials": 2,
  "objective_metric": "wape",
  "package_version": "0.1.0",
  "platform": "Linux-6.6.87.2-microsoft-standard-WSL2-x86_64-with-glibc2.39",
  "python": "3.13.11",
  "started_at_utc": "2026-09-09T04:15:55.820639+00:00",
  "step": "tune_dl",
  "working_dir": "/mnt/d/Himanshu/code/fmcg_demand_forecasting_project/ml_assignment_project"
}
2026-09-09 04:15:55 | INFO     | demand_forecasting.tune_dl | Effective configuration:
{
  "bayes": {
    "log_trial_models": true,
    "max_tune_rows": 200000,
    "n_trials": 25,
    "n_trials_dl": 4,
    "objective_metric": "wape",
    "timeout_seconds": null,
    "tuning_models": [
      "lightgbm",
      "xgboost",
      "catboost"
    ]
  },
  "data": {
    "date_col": "date",
    "horizon": 14,
    "lookback": 56,
    "raw_path": "data/raw/data.csv",
    "series_cols": [
      "store_id",
      "sku_id"
    ],
    "target_col": "units_sold"
  },
  "dl": {
    "batch_size": 256,
    "dropout": 0.15,
    "embedding_dim": 16,
    "epochs": 50,
    "hidden_size": 128,
    "learning_rate": 0.001,
    "max_train_windows": 150000,
    "num_layers": 2,
    "num_workers": 4,
    "patience": 8,
    "transformer_d_model": 128,
    "transformer_heads": 4,
    "transformer_layers": 3,
    "weight_decay": 0.0001
  },
  "features": {
    "demand_lags": [
      1,
      7,
      14,
      28
    ],
    "demand_roll_windows": [
      7,
      14,
      28
    ],
    "price_known_future": false,
    "promo_known_future": true,
    "stock_roll_window": 28,
    "stockout_imputation_min_periods": 7,
    "stockout_imputation_window": 56,
    "stockout_lags": [
      1,
      7,
      14
    ],
    "stockout_percentage_uplift": 0.5,
    "stockout_sample_weight": 0.5,
    "stockout_target_mode": "none",
    "weather_known_future": false
  },
  "hierarchy": {
    "exclude_stockouts_for_shares": true,
    "share_target_col": "units_sold",
    "share_window_days": 56
  },
  "logging": {
    "backup_count": 14,
    "console": true,
    "dir": "logs",
    "level": "INFO",
    "utc": false
  },
  "ml": {
    "models": [
      "lightgbm",
      "xgboost",
      "catboost"
    ]
  },
  "monitoring": {
    "promo_rate_relative_change_alert": 0.3,
    "psi_alert": 0.25,
    "psi_warning": 0.1
  },
  "project": {
    "name": "fmcg_demand_forecasting",
    "random_seed": 42
  },
  "split": {
    "test_days": 14,
    "validation_days": 14
  },
  "training": {
    "max_train_rows": null,
    "mlflow_experiment": "fmcg-demand-forecasting-v2",
    "n_jobs": 4,
    "save_dir": "artifacts_v2",
    "selection_metric": "wape"
  }
}
2026-09-09 04:16:16 | INFO     | demand_forecasting.tune_dl | Resuming study: 1 trials already complete, 1 remaining
2026-09-09 04:38:09 | INFO     | demand_forecasting.tune_dl | Trial 1 val_wape=0.265420 (lookback=70) params={'lookback': 70, 'learning_rate': 0.0005418282319533242, 'dropout': 0.08736874205941257, 'batch_size': 128, 'transformer_d_model': 256, 'transformer_heads': 8, 'transformer_layers': 2, 'embedding_dim': 8, 'weight_decay': 0.0007025166339242157}
2026-09-09 04:38:21 | INFO     | demand_forecasting.tune_dl | Best trial:
{
  "best_lookback": 70,
  "best_params": {
    "batch_size": 128,
    "dropout": 0.08736874205941257,
    "embedding_dim": 8,
    "learning_rate": 0.0005418282319533242,
    "lookback": 70,
    "transformer_d_model": 256,
    "transformer_heads": 8,
    "transformer_layers": 2,
    "weight_decay": 0.0007025166339242157
  },
  "best_params_path": "artifacts_v2/tuning/transformer_best_params.json",
  "best_trial_metrics": {
    "best_epoch": 10.0,
    "bias": 0.00929087004778293,
    "mae": 16.48288946960484,
    "mape": 0.533587087968122,
    "mape_coverage": 0.9965850882185544,
    "rmse": 25.167309512217482,
    "smape": 0.29454603668852164,
    "wape": 0.26542026844615046
  },
  "best_trial_number": 1,
  "best_validation_wape": 0.26542026844615046,
  "completed_trials": 3,
  "mlflow_parent_run_id": "9180d98c06714d0d8a0600f0041e30bc",
  "model": "transformer",
  "objective_metric": "wape",
  "trials_path": "artifacts_v2/tuning/transformer_trials.csv"
}
2026-09-09 04:39:25 | INFO     | demand_forecasting.tune_dl | Trial 2 val_wape=0.582855 (lookback=42) params={'lookback': 42, 'learning_rate': 0.004123206532618728, 'dropout': 0.21959818254342153, 'batch_size': 128, 'transformer_d_model': 128, 'transformer_heads': 8, 'transformer_layers': 4, 'embedding_dim': 8, 'weight_decay': 8.179499475211674e-06}
2026-09-09 04:39:34 | INFO     | demand_forecasting.tune_dl | Best trial:
{
  "best_lookback": 70,
  "best_params": {
    "batch_size": 128,
    "dropout": 0.08736874205941257,
    "embedding_dim": 8,
    "learning_rate": 0.0005418282319533242,
    "lookback": 70,
    "transformer_d_model": 256,
    "transformer_heads": 8,
    "transformer_layers": 2,
    "weight_decay": 0.0007025166339242157
  },
  "best_params_path": "artifacts_v2/tuning/transformer_best_params.json",
  "best_trial_metrics": {
    "best_epoch": 10.0,
    "bias": 0.00929087004778293,
    "mae": 16.48288946960484,
    "mape": 0.533587087968122,
    "mape_coverage": 0.9965850882185544,
    "rmse": 25.167309512217482,
    "smape": 0.29454603668852164,
    "wape": 0.26542026844615046
  },
  "best_trial_number": 1,
  "best_validation_wape": 0.26542026844615046,
  "completed_trials": 3,
  "mlflow_parent_run_id": "d64155b20e024ae39199ea142ac8339e",
  "model": "transformer",
  "objective_metric": "wape",
  "trials_path": "artifacts_v2/tuning/transformer_trials.csv"
}
